=ƒÜÇ Starting Subscription Flow Test...

1n+ÅGâú Creating test tenant: test-tenant-1771386663 (DB: tenant_test_tenant_1771386663)
   Creating tenant database...
2n+ÅGâú Checking for POS module...
   Module ID: 1
3n+ÅGâú Subscribing tenant to POS module...

G¥î Test Failed: Subscription failed: SQLSTATE[HY000]: General error: 1824 Failed to open the referenced table 'users' (Connection: tenant_dynamic, Host: 127.0.0.1, Port: 3306, Database: tenant_test_tenant_1771386663, SQL: 
            CREATE TABLE IF NOT EXISTS pos_sales (
                id BIGINT UNSIGNED AUTO_INCREMENT PRIMARY KEY,
                sale_number VARCHAR(50) UNIQUE NOT NULL,
                customer_name VARCHAR(255) NULL,
                customer_phone VARCHAR(20) NULL,
                subtotal DECIMAL(10, 2) NOT NULL DEFAULT 0.00,
                tax DECIMAL(10, 2) NOT NULL DEFAULT 0.00,
                discount DECIMAL(10, 2) NOT NULL DEFAULT 0.00,
                total DECIMAL(10, 2) NOT NULL DEFAULT 0.00,
                payment_method ENUM('cash', 'card', 'mobile', 'other') DEFAULT 'cash',
                payment_status ENUM('paid', 'partial', 'pending') DEFAULT 'paid',
                notes TEXT NULL,
                sold_by BIGINT UNSIGNED NULL,
                created_at TIMESTAMP DEFAULT CURRENT_TIMESTAMP,
                updated_at TIMESTAMP DEFAULT CURRENT_TIMESTAMP ON UPDATE CURRENT_TIMESTAMP,
                INDEX idx_sale_number (sale_number),
                INDEX idx_payment_status (payment_status),
                INDEX idx_created_at (created_at),
                FOREIGN KEY (sold_by) REFERENCES users(id) ON DELETE SET NULL
            ) ENGINE=InnoDB DEFAULT CHARSET=utf8mb4 COLLATE=utf8mb4_unicode_ci
        )
#0 {main}

